[maximum deviation] 9 arm(s): heart rate, systolic blood pressure, diastolic blood pressure, mean blood pressure, respiration rate, temperature, oxygen saturation, fill missing data, all vitals
[maximum deviation/heart rate] loading heart_rate_filtered_dataset_ehr.pkl ...
[maximum deviation/heart rate] loaded in 2.7s
[maximum deviation/heart rate] wrote icu_heart rate_pos.pkl (17,272 points)
[maximum deviation/heart rate] wrote icu_heart rate_neg.pkl (28,760 points)
[maximum deviation/heart rate] wrote mortality_heart rate_pos.pkl (4,445 points)
[maximum deviation/heart rate] wrote mortality_heart rate_neg.pkl (41,587 points)
[maximum deviation/systolic blood pressure] loading systolic_blood_pressure_filtered_dataset_ehr.pkl ...
[maximum deviation/systolic blood pressure] loaded in 2.8s
[maximum deviation/systolic blood pressure] wrote icu_systolic blood pressure_pos.pkl (17,272 points)
[maximum deviation/systolic blood pressure] wrote icu_systolic blood pressure_neg.pkl (28,760 points)
[maximum deviation/systolic blood pressure] wrote mortality_systolic blood pressure_pos.pkl (4,445 points)
[maximum deviation/systolic blood pressure] wrote mortality_systolic blood pressure_neg.pkl (41,587 points)
[maximum deviation/diastolic blood pressure] loading diastolic_blood_pressure_filtered_dataset_ehr.pkl ...
[maximum deviation/diastolic blood pressure] loaded in 2.8s
[maximum deviation/diastolic blood pressure] wrote icu_diastolic blood pressure_pos.pkl (17,272 points)
[maximum deviation/diastolic blood pressure] wrote icu_diastolic blood pressure_neg.pkl (28,760 points)
[maximum deviation/diastolic blood pressure] wrote mortality_diastolic blood pressure_pos.pkl (4,445 points)
[maximum deviation/diastolic blood pressure] wrote mortality_diastolic blood pressure_neg.pkl (41,587 points)
[maximum deviation/mean blood pressure] loading mean_blood_pressure_filtered_dataset_ehr.pkl ...
[maximum deviation/mean blood pressure] loaded in 2.7s
[maximum deviation/mean blood pressure] wrote icu_mean blood pressure_pos.pkl (17,272 points)
[maximum deviation/mean blood pressure] wrote icu_mean blood pressure_neg.pkl (28,760 points)
[maximum deviation/mean blood pressure] wrote mortality_mean blood pressure_pos.pkl (4,445 points)
[maximum deviation/mean blood pressure] wrote mortality_mean blood pressure_neg.pkl (41,587 points)
[maximum deviation/respiration rate] loading respiration_rate_filtered_dataset_ehr.pkl ...
[maximum deviation/respiration rate] loaded in 2.8s
[maximum deviation/respiration rate] wrote icu_respiration rate_pos.pkl (17,272 points)
[maximum deviation/respiration rate] wrote icu_respiration rate_neg.pkl (28,760 points)
[maximum deviation/respiration rate] wrote mortality_respiration rate_pos.pkl (4,445 points)
[maximum deviation/respiration rate] wrote mortality_respiration rate_neg.pkl (41,587 points)
[maximum deviation/temperature] loading temperature_filtered_dataset_ehr.pkl ...
[maximum deviation/temperature] loaded in 2.6s
[maximum deviation/temperature] wrote icu_temperature_pos.pkl (17,272 points)
[maximum deviation/temperature] wrote icu_temperature_neg.pkl (28,760 points)
[maximum deviation/temperature] wrote mortality_temperature_pos.pkl (4,445 points)
[maximum deviation/temperature] wrote mortality_temperature_neg.pkl (41,587 points)
[maximum deviation/oxygen saturation] loading oxygen_saturation_filtered_dataset_ehr.pkl ...
[maximum deviation/oxygen saturation] loaded in 2.7s
[maximum deviation/oxygen saturation] wrote icu_oxygen saturation_pos.pkl (17,272 points)
[maximum deviation/oxygen saturation] wrote icu_oxygen saturation_neg.pkl (28,760 points)
[maximum deviation/oxygen saturation] wrote mortality_oxygen saturation_pos.pkl (4,445 points)
[maximum deviation/oxygen saturation] wrote mortality_oxygen saturation_neg.pkl (41,587 points)
[maximum deviation/fill missing data] loading fill_missing_data_filtered_dataset_ehr.pkl ...
[maximum deviation/fill missing data] loaded in 2.7s
[maximum deviation/fill missing data] wrote icu_fill missing data_pos.pkl (17,272 points)
[maximum deviation/fill missing data] wrote icu_fill missing data_neg.pkl (28,760 points)
[maximum deviation/fill missing data] wrote mortality_fill missing data_pos.pkl (4,445 points)
[maximum deviation/fill missing data] wrote mortality_fill missing data_neg.pkl (41,587 points)
[maximum deviation/all vitals] loading all_vitals_filtered_dataset_ehr.pkl ...
[maximum deviation/all vitals] loaded in 2.6s
[maximum deviation/all vitals] wrote icu_all vitals_pos.pkl (17,272 points)
[maximum deviation/all vitals] wrote icu_all vitals_neg.pkl (28,760 points)
[maximum deviation/all vitals] wrote mortality_all vitals_pos.pkl (4,445 points)
[maximum deviation/all vitals] wrote mortality_all vitals_neg.pkl (41,587 points)
