This is LuaHBTeX, Version 1.13.0 (TeX Live 2021 Gentoo Linux) 
 restricted system commands enabled.
(./Experiments/poster/beyond_the_model_poster.tex
LaTeX2e <2020-10-01> patch level 4
 L3 programming layer <2021-02-18>
(/cvmfs/soft.computecanada.ca/gentoo/2023/x86-64-v3/usr/share/texmf-dist/tex/la
tex/base/article.cls
Document Class: article 2020/04/10 v1.4m Standard LaTeX document class

(/cvmfs/soft.computecanada.ca/gentoo/2023/x86-64-v3/usr/share/texmf-dist/tex/la
tex/base/size10.clo))
(/cvmfs/soft.computecanada.ca/gentoo/2023/x86-64-v3/usr/share/texmf-dist/tex/la
tex/geometry/geometry.sty
(/cvmfs/soft.computecanada.ca/gentoo/2023/x86-64-v3/usr/share/texmf-dist/tex/la
tex/graphics/keyval.sty)
(/cvmfs/soft.computecanada.ca/gentoo/2023/x86-64-v3/usr/share/texmf-dist/tex/ge
neric/iftex/ifvtex.sty
(/cvmfs/soft.computecanada.ca/gentoo/2023/x86-64-v3/usr/share/texmf-dist/tex/ge
neric/iftex/iftex.sty)))
(/cvmfs/soft.computecanada.ca/gentoo/2023/x86-64-v3/usr/share/texmf-dist/tex/la
tex/fontspec/fontspec.sty
(/cvmfs/soft.computecanada.ca/gentoo/2023/x86-64-v3/usr/share/texmf-dist/tex/la
tex/l3packages/xparse/xparse.sty
(/cvmfs/soft.computecanada.ca/gentoo/2023/x86-64-v3/usr/share/texmf-dist/tex/la
tex/l3kernel/expl3.sty
(/cvmfs/soft.computecanada.ca/gentoo/2023/x86-64-v3/usr/share/texmf-dist/tex/la
tex/l3backend/l3backend-luatex.def))
(/cvmfs/soft.computecanada.ca/gentoo/2023/x86-64-v3/usr/share/texmf-dist/tex/la
tex/l3packages/xparse/xparse-2020-10-01.sty
(/cvmfs/soft.computecanada.ca/gentoo/2023/x86-64-v3/usr/share/texmf-dist/tex/la
tex/l3packages/xparse/xparse-generic.tex)))
(/cvmfs/soft.computecanada.ca/gentoo/2023/x86-64-v3/usr/share/texmf-dist/tex/la
tex/fontspec/fontspec-luatex.sty
(/cvmfs/soft.computecanada.ca/gentoo/2023/x86-64-v3/usr/share/texmf-dist/tex/la
tex/base/fontenc.sty)
(/cvmfs/soft.computecanada.ca/gentoo/2023/x86-64-v3/usr/share/texmf-dist/tex/la
tex/fontspec/fontspec.cfg)))
(/cvmfs/soft.computecanada.ca/gentoo/2023/x86-64-v3/usr/share/texmf-dist/tex/la
tex/xcolor/xcolor.sty
(/cvmfs/soft.computecanada.ca/gentoo/2023/x86-64-v3/usr/share/texmf-dist/tex/la
tex/graphics-cfg/color.cfg)
(/cvmfs/soft.computecanada.ca/gentoo/2023/x86-64-v3/usr/share/texmf-dist/tex/la
tex/graphics-def/luatex.def))
(/cvmfs/soft.computecanada.ca/gentoo/2023/x86-64-v3/usr/share/texmf-dist/tex/la
tex/graphics/graphicx.sty
(/cvmfs/soft.computecanada.ca/gentoo/2023/x86-64-v3/usr/share/texmf-dist/tex/la
tex/graphics/graphics.sty
(/cvmfs/soft.computecanada.ca/gentoo/2023/x86-64-v3/usr/share/texmf-dist/tex/la
tex/graphics/trig.sty)
(/cvmfs/soft.computecanada.ca/gentoo/2023/x86-64-v3/usr/share/texmf-dist/tex/la
tex/graphics-cfg/graphics.cfg)))
(/cvmfs/soft.computecanada.ca/gentoo/2023/x86-64-v3/usr/share/texmf-site/tex/la
tex/pgf/frontendlayer/tikz.sty
(/cvmfs/soft.computecanada.ca/gentoo/2023/x86-64-v3/usr/share/texmf-site/tex/la
tex/pgf/basiclayer/pgf.sty
(/cvmfs/soft.computecanada.ca/gentoo/2023/x86-64-v3/usr/share/texmf-site/tex/la
tex/pgf/utilities/pgfrcs.sty
(/cvmfs/soft.computecanada.ca/gentoo/2023/x86-64-v3/usr/share/texmf-site/tex/ge
neric/pgf/utilities/pgfutil-common.tex
(/cvmfs/soft.computecanada.ca/gentoo/2023/x86-64-v3/usr/share/texmf-site/tex/ge
neric/pgf/utilities/pgfutil-common-lists.tex))
(/cvmfs/soft.computecanada.ca/gentoo/2023/x86-64-v3/usr/share/texmf-site/tex/ge
neric/pgf/utilities/pgfutil-latex.def)
(/cvmfs/soft.computecanada.ca/gentoo/2023/x86-64-v3/usr/share/texmf-site/tex/ge
neric/pgf/utilities/pgfrcs.code.tex
(/cvmfs/soft.computecanada.ca/gentoo/2023/x86-64-v3/usr/share/texmf-site/tex/ge
neric/pgf/pgf.revision.tex)))
(/cvmfs/soft.computecanada.ca/gentoo/2023/x86-64-v3/usr/share/texmf-site/tex/la
tex/pgf/basiclayer/pgfcore.sty
(/cvmfs/soft.computecanada.ca/gentoo/2023/x86-64-v3/usr/share/texmf-site/tex/la
tex/pgf/systemlayer/pgfsys.sty
(/cvmfs/soft.computecanada.ca/gentoo/2023/x86-64-v3/usr/share/texmf-site/tex/ge
neric/pgf/systemlayer/pgfsys.code.tex
(/cvmfs/soft.computecanada.ca/gentoo/2023/x86-64-v3/usr/share/texmf-site/tex/ge
neric/pgf/utilities/pgfkeys.code.tex
(/cvmfs/soft.computecanada.ca/gentoo/2023/x86-64-v3/usr/share/texmf-site/tex/ge
neric/pgf/utilities/pgfkeysfiltered.code.tex))
(/cvmfs/soft.computecanada.ca/gentoo/2023/x86-64-v3/usr/share/texmf-site/tex/ge
neric/pgf/systemlayer/pgf.cfg)
(/cvmfs/soft.computecanada.ca/gentoo/2023/x86-64-v3/usr/share/texmf-site/tex/ge
neric/pgf/systemlayer/pgfsys-luatex.def
(/cvmfs/soft.computecanada.ca/gentoo/2023/x86-64-v3/usr/share/texmf-site/tex/ge
neric/pgf/systemlayer/pgfsys-common-pdf.def)))
(/cvmfs/soft.computecanada.ca/gentoo/2023/x86-64-v3/usr/share/texmf-site/tex/ge
neric/pgf/systemlayer/pgfsyssoftpath.code.tex)
(/cvmfs/soft.computecanada.ca/gentoo/2023/x86-64-v3/usr/share/texmf-site/tex/ge
neric/pgf/systemlayer/pgfsysprotocol.code.tex))
(/cvmfs/soft.computecanada.ca/gentoo/2023/x86-64-v3/usr/share/texmf-site/tex/ge
neric/pgf/basiclayer/pgfcore.code.tex
(/cvmfs/soft.computecanada.ca/gentoo/2023/x86-64-v3/usr/share/texmf-site/tex/ge
neric/pgf/math/pgfmath.code.tex
(/cvmfs/soft.computecanada.ca/gentoo/2023/x86-64-v3/usr/share/texmf-site/tex/ge
neric/pgf/math/pgfmathcalc.code.tex
(/cvmfs/soft.computecanada.ca/gentoo/2023/x86-64-v3/usr/share/texmf-site/tex/ge
neric/pgf/math/pgfmathutil.code.tex)
(/cvmfs/soft.computecanada.ca/gentoo/2023/x86-64-v3/usr/share/texmf-site/tex/ge
neric/pgf/math/pgfmathparser.code.tex)
(/cvmfs/soft.computecanada.ca/gentoo/2023/x86-64-v3/usr/share/texmf-site/tex/ge
neric/pgf/math/pgfmathfunctions.code.tex
(/cvmfs/soft.computecanada.ca/gentoo/2023/x86-64-v3/usr/share/texmf-site/tex/ge
neric/pgf/math/pgfmathfunctions.basic.code.tex)
(/cvmfs/soft.computecanada.ca/gentoo/2023/x86-64-v3/usr/share/texmf-site/tex/ge
neric/pgf/math/pgfmathfunctions.trigonometric.code.tex)
(/cvmfs/soft.computecanada.ca/gentoo/2023/x86-64-v3/usr/share/texmf-site/tex/ge
neric/pgf/math/pgfmathfunctions.random.code.tex)
(/cvmfs/soft.computecanada.ca/gentoo/2023/x86-64-v3/usr/share/texmf-site/tex/ge
neric/pgf/math/pgfmathfunctions.comparison.code.tex)
(/cvmfs/soft.computecanada.ca/gentoo/2023/x86-64-v3/usr/share/texmf-site/tex/ge
neric/pgf/math/pgfmathfunctions.base.code.tex)
(/cvmfs/soft.computecanada.ca/gentoo/2023/x86-64-v3/usr/share/texmf-site/tex/ge
neric/pgf/math/pgfmathfunctions.round.code.tex)
(/cvmfs/soft.computecanada.ca/gentoo/2023/x86-64-v3/usr/share/texmf-site/tex/ge
neric/pgf/math/pgfmathfunctions.misc.code.tex)
(/cvmfs/soft.computecanada.ca/gentoo/2023/x86-64-v3/usr/share/texmf-site/tex/ge
neric/pgf/math/pgfmathfunctions.integerarithmetics.code.tex)))
(/cvmfs/soft.computecanada.ca/gentoo/2023/x86-64-v3/usr/share/texmf-site/tex/ge
neric/pgf/math/pgfmathfloat.code.tex))
(/cvmfs/soft.computecanada.ca/gentoo/2023/x86-64-v3/usr/share/texmf-site/tex/ge
neric/pgf/math/pgfint.code.tex)
(/cvmfs/soft.computecanada.ca/gentoo/2023/x86-64-v3/usr/share/texmf-site/tex/ge
neric/pgf/basiclayer/pgfcorepoints.code.tex)
(/cvmfs/soft.computecanada.ca/gentoo/2023/x86-64-v3/usr/share/texmf-site/tex/ge
neric/pgf/basiclayer/pgfcorepathconstruct.code.tex)
(/cvmfs/soft.computecanada.ca/gentoo/2023/x86-64-v3/usr/share/texmf-site/tex/ge
neric/pgf/basiclayer/pgfcorepathusage.code.tex)
(/cvmfs/soft.computecanada.ca/gentoo/2023/x86-64-v3/usr/share/texmf-site/tex/ge
neric/pgf/basiclayer/pgfcorescopes.code.tex)
(/cvmfs/soft.computecanada.ca/gentoo/2023/x86-64-v3/usr/share/texmf-site/tex/ge
neric/pgf/basiclayer/pgfcoregraphicstate.code.tex)
(/cvmfs/soft.computecanada.ca/gentoo/2023/x86-64-v3/usr/share/texmf-site/tex/ge
neric/pgf/basiclayer/pgfcoretransformations.code.tex)
(/cvmfs/soft.computecanada.ca/gentoo/2023/x86-64-v3/usr/share/texmf-site/tex/ge
neric/pgf/basiclayer/pgfcorequick.code.tex)
(/cvmfs/soft.computecanada.ca/gentoo/2023/x86-64-v3/usr/share/texmf-site/tex/ge
neric/pgf/basiclayer/pgfcoreobjects.code.tex)
(/cvmfs/soft.computecanada.ca/gentoo/2023/x86-64-v3/usr/share/texmf-site/tex/ge
neric/pgf/basiclayer/pgfcorepathprocessing.code.tex)
(/cvmfs/soft.computecanada.ca/gentoo/2023/x86-64-v3/usr/share/texmf-site/tex/ge
neric/pgf/basiclayer/pgfcorearrows.code.tex)
(/cvmfs/soft.computecanada.ca/gentoo/2023/x86-64-v3/usr/share/texmf-site/tex/ge
neric/pgf/basiclayer/pgfcoreshade.code.tex)
(/cvmfs/soft.computecanada.ca/gentoo/2023/x86-64-v3/usr/share/texmf-site/tex/ge
neric/pgf/basiclayer/pgfcoreimage.code.tex
(/cvmfs/soft.computecanada.ca/gentoo/2023/x86-64-v3/usr/share/texmf-site/tex/ge
neric/pgf/basiclayer/pgfcoreexternal.code.tex))
(/cvmfs/soft.computecanada.ca/gentoo/2023/x86-64-v3/usr/share/texmf-site/tex/ge
neric/pgf/basiclayer/pgfcorelayers.code.tex)
(/cvmfs/soft.computecanada.ca/gentoo/2023/x86-64-v3/usr/share/texmf-site/tex/ge
neric/pgf/basiclayer/pgfcoretransparency.code.tex)
(/cvmfs/soft.computecanada.ca/gentoo/2023/x86-64-v3/usr/share/texmf-site/tex/ge
neric/pgf/basiclayer/pgfcorepatterns.code.tex)
(/cvmfs/soft.computecanada.ca/gentoo/2023/x86-64-v3/usr/share/texmf-site/tex/ge
neric/pgf/basiclayer/pgfcorerdf.code.tex)))
(/cvmfs/soft.computecanada.ca/gentoo/2023/x86-64-v3/usr/share/texmf-site/tex/ge
neric/pgf/modules/pgfmoduleshapes.code.tex)
(/cvmfs/soft.computecanada.ca/gentoo/2023/x86-64-v3/usr/share/texmf-site/tex/ge
neric/pgf/modules/pgfmoduleplot.code.tex)
(/cvmfs/soft.computecanada.ca/gentoo/2023/x86-64-v3/usr/share/texmf-site/tex/la
tex/pgf/compatibility/pgfcomp-version-0-65.sty)
(/cvmfs/soft.computecanada.ca/gentoo/2023/x86-64-v3/usr/share/texmf-site/tex/la
tex/pgf/compatibility/pgfcomp-version-1-18.sty))
(/cvmfs/soft.computecanada.ca/gentoo/2023/x86-64-v3/usr/share/texmf-site/tex/la
tex/pgf/utilities/pgffor.sty
(/cvmfs/soft.computecanada.ca/gentoo/2023/x86-64-v3/usr/share/texmf-site/tex/la
tex/pgf/utilities/pgfkeys.sty
(/cvmfs/soft.computecanada.ca/gentoo/2023/x86-64-v3/usr/share/texmf-site/tex/ge
neric/pgf/utilities/pgfkeys.code.tex))
(/cvmfs/soft.computecanada.ca/gentoo/2023/x86-64-v3/usr/share/texmf-site/tex/la
tex/pgf/math/pgfmath.sty
(/cvmfs/soft.computecanada.ca/gentoo/2023/x86-64-v3/usr/share/texmf-site/tex/ge
neric/pgf/math/pgfmath.code.tex))
(/cvmfs/soft.computecanada.ca/gentoo/2023/x86-64-v3/usr/share/texmf-site/tex/ge
neric/pgf/utilities/pgffor.code.tex
(/cvmfs/soft.computecanada.ca/gentoo/2023/x86-64-v3/usr/share/texmf-site/tex/ge
neric/pgf/math/pgfmath.code.tex)))
(/cvmfs/soft.computecanada.ca/gentoo/2023/x86-64-v3/usr/share/texmf-site/tex/ge
neric/pgf/frontendlayer/tikz/tikz.code.tex
(/cvmfs/soft.computecanada.ca/gentoo/2023/x86-64-v3/usr/share/texmf-site/tex/ge
neric/pgf/libraries/pgflibraryplothandlers.code.tex)
(/cvmfs/soft.computecanada.ca/gentoo/2023/x86-64-v3/usr/share/texmf-site/tex/ge
neric/pgf/modules/pgfmodulematrix.code.tex)
(/cvmfs/soft.computecanada.ca/gentoo/2023/x86-64-v3/usr/share/texmf-site/tex/ge
neric/pgf/frontendlayer/tikz/libraries/tikzlibrarytopaths.code.tex)))
(/cvmfs/soft.computecanada.ca/gentoo/2023/x86-64-v3/usr/share/texmf-site/tex/ge
neric/pgf/frontendlayer/tikz/libraries/tikzlibrarycalc.code.tex)
(/cvmfs/soft.computecanada.ca/gentoo/2023/x86-64-v3/usr/share/texmf-dist/tex/la
tex/tcolorbox/tcolorbox.sty
(/cvmfs/soft.computecanada.ca/gentoo/2023/x86-64-v3/usr/share/texmf-dist/tex/la
tex/tools/verbatim.sty)
(/cvmfs/soft.computecanada.ca/gentoo/2023/x86-64-v3/usr/share/texmf-dist/tex/la
tex/environ/environ.sty
(/cvmfs/soft.computecanada.ca/gentoo/2023/x86-64-v3/usr/share/texmf-dist/tex/la
tex/trimspaces/trimspaces.sty))
(/cvmfs/soft.computecanada.ca/gentoo/2023/x86-64-v3/usr/share/texmf-dist/tex/la
tex/etoolbox/etoolbox.sty)
(/cvmfs/soft.computecanada.ca/gentoo/2023/x86-64-v3/usr/share/texmf-dist/tex/la
tex/tcolorbox/tcbraster.code.tex
Library (tcolorbox): 'tcbraster.code.tex' version '4.42'
)
(/cvmfs/soft.computecanada.ca/gentoo/2023/x86-64-v3/usr/share/texmf-dist/tex/la
tex/tcolorbox/tcbskins.code.tex
Library (tcolorbox): 'tcbskins.code.tex' version '4.42'

(/cvmfs/soft.computecanada.ca/gentoo/2023/x86-64-v3/usr/share/texmf-dist/tex/la
tex/tcolorbox/tcbskinsjigsaw.code.tex
Library (tcolorbox): 'tcbskinsjigsaw.code.tex' version '4.42'
))
(/cvmfs/soft.computecanada.ca/gentoo/2023/x86-64-v3/usr/share/texmf-dist/tex/la
tex/tcolorbox/tcbbreakable.code.tex
Library (tcolorbox): 'tcbbreakable.code.tex' version '4.42'

(/cvmfs/soft.computecanada.ca/gentoo/2023/x86-64-v3/usr/share/texmf-dist/tex/ge
neric/oberdiek/pdfcol.sty
(/cvmfs/soft.computecanada.ca/gentoo/2023/x86-64-v3/usr/share/texmf-dist/tex/ge
neric/ltxcmds/ltxcmds.sty)
(/cvmfs/soft.computecanada.ca/gentoo/2023/x86-64-v3/usr/share/texmf-dist/tex/ge
neric/infwarerr/infwarerr.sty))
(/cvmfs/soft.computecanada.ca/gentoo/2023/x86-64-v3/usr/share/texmf-dist/tex/ge
neric/iftex/ifluatex.sty))
(/cvmfs/soft.computecanada.ca/gentoo/2023/x86-64-v3/usr/share/texmf-dist/tex/la
tex/tcolorbox/tcbhooks.code.tex
Library (tcolorbox): 'tcbhooks.code.tex' version '4.42'
)
(/cvmfs/soft.computecanada.ca/gentoo/2023/x86-64-v3/usr/share/texmf-dist/tex/la
tex/tcolorbox/tcbtheorems.code.tex
Library (tcolorbox): 'tcbtheorems.code.tex' version '4.42'

(/cvmfs/soft.computecanada.ca/gentoo/2023/x86-64-v3/usr/share/texmf-dist/tex/la
tex/amsmath/amsmath.sty
For additional information on amsmath, use the `?' option.

(/cvmfs/soft.computecanada.ca/gentoo/2023/x86-64-v3/usr/share/texmf-dist/tex/la
tex/amsmath/amstext.sty
(/cvmfs/soft.computecanada.ca/gentoo/2023/x86-64-v3/usr/share/texmf-dist/tex/la
tex/amsmath/amsgen.sty))
(/cvmfs/soft.computecanada.ca/gentoo/2023/x86-64-v3/usr/share/texmf-dist/tex/la
tex/amsmath/amsbsy.sty)
(/cvmfs/soft.computecanada.ca/gentoo/2023/x86-64-v3/usr/share/texmf-dist/tex/la
tex/amsmath/amsopn.sty)))
(/cvmfs/soft.computecanada.ca/gentoo/2023/x86-64-v3/usr/share/texmf-dist/tex/la
tex/tcolorbox/tcbfitting.code.tex
Library (tcolorbox): 'tcbfitting.code.tex' version '4.42'
)
(/cvmfs/soft.computecanada.ca/gentoo/2023/x86-64-v3/usr/share/texmf-dist/tex/la
tex/tcolorbox/tcbxparse.code.tex
Library (tcolorbox): 'tcbxparse.code.tex' version '4.42'
)
(/cvmfs/soft.computecanada.ca/gentoo/2023/x86-64-v3/usr/share/texmf-dist/tex/la
tex/tcolorbox/tcblistingsutf8.code.tex
Library (tcolorbox): 'tcblistingsutf8.code.tex' version '4.42'

(/cvmfs/soft.computecanada.ca/gentoo/2023/x86-64-v3/usr/share/texmf-dist/tex/la
tex/tcolorbox/tcblistings.code.tex
Library (tcolorbox): 'tcblistings.code.tex' version '4.42'

(/cvmfs/soft.computecanada.ca/gentoo/2023/x86-64-v3/usr/share/texmf-dist/tex/la
tex/listings/listings.sty
(/cvmfs/soft.computecanada.ca/gentoo/2023/x86-64-v3/usr/share/texmf-dist/tex/la
tex/listings/lstmisc.sty)
(/cvmfs/soft.computecanada.ca/gentoo/2023/x86-64-v3/usr/share/texmf-dist/tex/la
tex/listings/listings.cfg))
(/cvmfs/soft.computecanada.ca/gentoo/2023/x86-64-v3/usr/share/texmf-dist/tex/la
tex/tcolorbox/tcblistingscore.code.tex
Library (tcolorbox): 'tcblistingscore.code.tex' version '4.42'

(/cvmfs/soft.computecanada.ca/gentoo/2023/x86-64-v3/usr/share/texmf-dist/tex/la
tex/tcolorbox/tcbprocessing.code.tex
Library (tcolorbox): 'tcbprocessing.code.tex' version '4.42'

(/cvmfs/soft.computecanada.ca/gentoo/2023/x86-64-v3/usr/share/texmf-dist/tex/ge
neric/pdftexcmds/pdftexcmds.sty)
(/cvmfs/soft.computecanada.ca/gentoo/2023/x86-64-v3/usr/share/texmf-dist/tex/la
tex/tools/shellesc.sty)))))
(/cvmfs/soft.computecanada.ca/gentoo/2023/x86-64-v3/usr/share/texmf-dist/tex/la
tex/tcolorbox/tcbexternal.code.tex
Library (tcolorbox): 'tcbexternal.code.tex' version '4.42'
)
(/cvmfs/soft.computecanada.ca/gentoo/2023/x86-64-v3/usr/share/texmf-dist/tex/la
tex/tcolorbox/tcbmagazine.code.tex
Library (tcolorbox): 'tcbmagazine.code.tex' version '4.42'
)
(/cvmfs/soft.computecanada.ca/gentoo/2023/x86-64-v3/usr/share/texmf-dist/tex/la
tex/tcolorbox/tcbvignette.code.tex
Library (tcolorbox): 'tcbvignette.code.tex' version '4.42'

(/cvmfs/soft.computecanada.ca/gentoo/2023/x86-64-v3/usr/share/texmf-site/tex/ge
neric/pgf/frontendlayer/tikz/libraries/tikzlibraryfadings.code.tex
(/cvmfs/soft.computecanada.ca/gentoo/2023/x86-64-v3/usr/share/texmf-site/tex/ge
neric/pgf/libraries/pgflibraryfadings.code.tex)))
(/cvmfs/soft.computecanada.ca/gentoo/2023/x86-64-v3/usr/share/texmf-dist/tex/la
tex/tcolorbox/tcbposter.code.tex
Library (tcolorbox): 'tcbposter.code.tex' version '4.42'
))
(/cvmfs/soft.computecanada.ca/gentoo/2023/x86-64-v3/usr/share/texmf-dist/tex/la
tex/tools/tabularx.sty
(/cvmfs/soft.computecanada.ca/gentoo/2023/x86-64-v3/usr/share/texmf-dist/tex/la
tex/tools/array.sty))
(/cvmfs/soft.computecanada.ca/gentoo/2023/x86-64-v3/usr/share/texmf-dist/tex/la
tex/qrcode/qrcode.sty
(/cvmfs/soft.computecanada.ca/gentoo/2023/x86-64-v3/usr/share/texmf-dist/tex/la
tex/xkeyval/xkeyval.sty
(/cvmfs/soft.computecanada.ca/gentoo/2023/x86-64-v3/usr/share/texmf-dist/tex/ge
neric/xkeyval/xkeyval.tex
(/cvmfs/soft.computecanada.ca/gentoo/2023/x86-64-v3/usr/share/texmf-dist/tex/ge
neric/xkeyval/xkvutils.tex))))
(/cvmfs/soft.computecanada.ca/gentoo/2023/x86-64-v3/usr/share/texmf-dist/tex/la
tex/microtype/microtype.sty
(/cvmfs/soft.computecanada.ca/gentoo/2023/x86-64-v3/usr/share/texmf-dist/tex/la
tex/microtype/microtype-luatex.def)
(/cvmfs/soft.computecanada.ca/gentoo/2023/x86-64-v3/usr/share/texmf-dist/tex/la
tex/microtype/microtype.cfg)) (./paper_figures/poster/numbers.tex)
(./paper_figures/poster/beyond_the_model_poster.aux)
(/cvmfs/soft.computecanada.ca/gentoo/2023/x86-64-v3/usr/share/texmf-dist/tex/la
tex/base/ts1cmr.fd)
*geometry* driver: auto-detecting
*geometry* detected driver: luatex

(/cvmfs/soft.computecanada.ca/gentoo/2023/x86-64-v3/usr/share/texmf-dist/tex/co
ntext/base/mkii/supp-pdf.mkii
[Loading MPS to PDF converter (version 2006.09.02).]
)
(/cvmfs/soft.computecanada.ca/gentoo/2023/x86-64-v3/usr/share/texmf-dist/tex/la
tex/epstopdf-pkg/epstopdf-base.sty
(/cvmfs/soft.computecanada.ca/gentoo/2023/x86-64-v3/usr/share/texmf-dist/tex/la
tex/latexconfig/epstopdf-sys.cfg))
(/cvmfs/soft.computecanada.ca/gentoo/2023/x86-64-v3/usr/share/texmf-dist/tex/la
tex/microtype/mt-cmr.cfg)
POSTER column 1: natural height 2067.28201pt of 2125.42085pt
POSTER column 2: natural height 1993.35992pt of 2125.42085pt
POSTER column 3: natural height 1977.85843pt of 2125.42085pt
Missing logo: Experiments/poster/logos/guelph.pdf
Missing logo: Experiments/poster/logos/stjoes.pdf
Missing logo: Experiments/poster/logos/mcmaster.pdf
[1{/cvmfs/soft.computecanada.ca/gentoo/2023/x86-64-v3/var/lib/texmf/fonts/map/p
dftex/updmap/pdftex.map}<./paper_figures/poster/figures/poster_pipeline.pdf><./
paper_figures/poster/figures/poster_levels.pdf><./paper_figures/poster/figures/
poster_readings.pdf><./paper_figures/poster/figures/centroid_deviation_all_vita
ls_filter_mean.pdf><./paper_figures/poster/figures/poster_task_divergence.pdf><
./paper_figures/poster/figures/poster_mcnemar.pdf><./paper_figures/poster/figur
es/poster_survivors.pdf><./paper_figures/poster/figures/poster_prevalence.pdf><
./paper_figures/poster/figures/poster_population.pdf><./paper_figures/poster/fi
gures/poster_mcnemar_sample.pdf>]
(./paper_figures/poster/beyond_the_model_poster.aux)

LaTeX Font Warning: Size substitutions with differences
(Font)              up to 0.45pt have occurred.

)
 15718 words of node memory still in use:
   180 hlist, 7 vlist, 18 rule, 56 disc, 16 local_par, 369 glue, 204 kern, 25 p
enalty, 15 margin_kern, 837 glyph, 537 attribute, 56 glue_spec, 537 attribute_l
ist, 2 write, 280 pdf_literal, 56 pdf_colorstack nodes
   avail lists: 2:3926,3:2349,4:488,5:2042,6:191,7:13036,8:2,9:1670,10:27,11:67
0
</cvmfs/soft.computecanada.ca/gentoo/2023/x86-64-v3/usr/share/texmf-dist/fonts/
opentype/public/fira/FiraMono-Regular.otf></cvmfs/soft.computecanada.ca/gentoo/
2023/x86-64-v3/usr/share/texmf-dist/fonts/opentype/adobe/sourcesanspro/SourceSa
nsPro-Semibold.otf></cvmfs/soft.computecanada.ca/gentoo/2023/x86-64-v3/usr/shar
e/texmf-dist/fonts/opentype/adobe/sourcesanspro/SourceSansPro-RegularIt.otf></c
vmfs/soft.computecanada.ca/gentoo/2023/x86-64-v3/usr/share/texmf-dist/fonts/ope
ntype/public/fira/FiraMono-Medium.otf></cvmfs/soft.computecanada.ca/gentoo/2023
/x86-64-v3/usr/share/texmf-dist/fonts/opentype/adobe/sourcesanspro/SourceSansPr
o-Regular.otf></cvmfs/soft.computecanada.ca/gentoo/2023/x86-64-v3/usr/share/tex
mf-dist/fonts/opentype/adobe/sourceserifpro/SourceSerifPro-Semibold.otf>
Output written on beyond_the_model_poster.pdf (1 page, 217074 bytes).
Transcript written on beyond_the_model_poster.log.
